[debug] [2026-04-25T18:49:13.747Z] ----------------------------------------------------------------------
[debug] [2026-04-25T18:49:13.754Z] Command:       C:\Program Files\nodejs\node.exe C:\Users\Teresia Kirunyu\AppData\Roaming\npm\node_modules\firebase-tools\lib\bin\firebase.js deploy --only firestore:rules
[debug] [2026-04-25T18:49:13.755Z] CLI Version:   15.15.0
[debug] [2026-04-25T18:49:13.755Z] Platform:      win32
[debug] [2026-04-25T18:49:13.755Z] Node Version:  v24.15.0
[debug] [2026-04-25T18:49:13.755Z] Time:          Sat Apr 25 2026 21:49:13 GMT+0300 (East Africa Time)
[debug] [2026-04-25T18:49:13.756Z] ----------------------------------------------------------------------
[debug] 
[debug] [2026-04-25T18:49:18.131Z] > command requires scopes: ["email","openid","https://www.googleapis.com/auth/cloudplatformprojects.readonly","https://www.googleapis.com/auth/firebase","https://www.googleapis.com/auth/cloud-platform"]
[debug] [2026-04-25T18:49:18.132Z] > authorizing via signed-in user (samreigns71@gmail.com)
[debug] [2026-04-25T18:49:18.132Z] [iam] checking project opulflow-e5cbd for permissions ["datastore.indexes.create","datastore.indexes.delete","datastore.indexes.list","datastore.indexes.update","firebase.projects.get"]
[debug] [2026-04-25T18:49:18.133Z] Checked if tokens are valid: true, expires at: 1777146454149
[debug] [2026-04-25T18:49:18.134Z] Checked if tokens are valid: true, expires at: 1777146454149
[debug] [2026-04-25T18:49:18.135Z] >>> [apiv2][query] POST https://cloudresourcemanager.googleapis.com/v1/projects/opulflow-e5cbd:testIamPermissions [none]
[debug] [2026-04-25T18:49:18.135Z] >>> [apiv2][(partial)header] POST https://cloudresourcemanager.googleapis.com/v1/projects/opulflow-e5cbd:testIamPermissions  x-goog-user-project=opulflow-e5cbd
[debug] [2026-04-25T18:49:18.135Z] >>> [apiv2][body] POST https://cloudresourcemanager.googleapis.com/v1/projects/opulflow-e5cbd:testIamPermissions {"permissions":["datastore.indexes.create","datastore.indexes.delete","datastore.indexes.list","datastore.indexes.update","firebase.projects.get"]}
[debug] [2026-04-25T18:49:20.012Z] <<< [apiv2][status] POST https://cloudresourcemanager.googleapis.com/v1/projects/opulflow-e5cbd:testIamPermissions 200
[debug] [2026-04-25T18:49:20.012Z] <<< [apiv2][body] POST https://cloudresourcemanager.googleapis.com/v1/projects/opulflow-e5cbd:testIamPermissions {"permissions":["datastore.indexes.create","datastore.indexes.delete","datastore.indexes.list","datastore.indexes.update","firebase.projects.get"]}
[info] 
[info] === Deploying to 'opulflow-e5cbd'...
[info] 
[info] i  deploying firestore 
[info] i  firestore: ensuring required API firestore.googleapis.com is enabled... 
[debug] [2026-04-25T18:49:20.018Z] Checked if tokens are valid: true, expires at: 1777146454149
[debug] [2026-04-25T18:49:20.018Z] Checked if tokens are valid: true, expires at: 1777146454149
[debug] [2026-04-25T18:49:20.018Z] >>> [apiv2][query] GET https://serviceusage.googleapis.com/v1/projects/opulflow-e5cbd/services/firestore.googleapis.com [none]
[debug] [2026-04-25T18:49:20.018Z] >>> [apiv2][(partial)header] GET https://serviceusage.googleapis.com/v1/projects/opulflow-e5cbd/services/firestore.googleapis.com  x-goog-user-project=opulflow-e5cbd
[debug] [2026-04-25T18:49:21.604Z] <<< [apiv2][status] GET https://serviceusage.googleapis.com/v1/projects/opulflow-e5cbd/services/firestore.googleapis.com 200
[debug] [2026-04-25T18:49:21.604Z] <<< [apiv2][body] GET https://serviceusage.googleapis.com/v1/projects/opulflow-e5cbd/services/firestore.googleapis.com [omitted]
[info] +  firestore: required API firestore.googleapis.com is enabled 
[info] i  firestore: ensuring required API firestore.googleapis.com is enabled... 
[debug] [2026-04-25T18:49:21.653Z] Checked if tokens are valid: true, expires at: 1777146454149
[debug] [2026-04-25T18:49:21.653Z] Checked if tokens are valid: true, expires at: 1777146454149
[debug] [2026-04-25T18:49:21.654Z] >>> [apiv2][query] GET https://firestore.googleapis.com/v1/projects/opulflow-e5cbd/databases/(default) [none]
[debug] [2026-04-25T18:49:23.294Z] <<< [apiv2][status] GET https://firestore.googleapis.com/v1/projects/opulflow-e5cbd/databases/(default) 200
[debug] [2026-04-25T18:49:23.294Z] <<< [apiv2][body] GET https://firestore.googleapis.com/v1/projects/opulflow-e5cbd/databases/(default) {"name":"projects/opulflow-e5cbd/databases/(default)","uid":"ff107562-6413-4363-b3b1-76a5172dcde3","createTime":"2025-07-11T22:02:01.756590Z","updateTime":"2025-07-11T22:02:01.756590Z","locationId":"nam5","type":"FIRESTORE_NATIVE","concurrencyMode":"PESSIMISTIC","versionRetentionPeriod":"3600s","earliestVersionTime":"2026-04-25T17:49:25.338256Z","appEngineIntegrationMode":"DISABLED","keyPrefix":"s","pointInTimeRecoveryEnablement":"POINT_IN_TIME_RECOVERY_DISABLED","deleteProtectionState":"DELETE_PROTECTION_DISABLED","databaseEdition":"STANDARD","freeTier":true,"realtimeUpdatesMode":"REALTIME_UPDATES_MODE_ENABLED","etag":"IIH8p7nViZQDMKaSl7Cv5pID"}
[info] i  firestore: reading indexes from firestore.indexes.json... 
[info] i  cloud.firestore: checking firestore.rules for compilation errors... 
[debug] [2026-04-25T18:49:23.298Z] Checked if tokens are valid: true, expires at: 1777146454149
[debug] [2026-04-25T18:49:23.298Z] Checked if tokens are valid: true, expires at: 1777146454149
[debug] [2026-04-25T18:49:23.299Z] >>> [apiv2][query] POST https://firebaserules.googleapis.com/v1/projects/opulflow-e5cbd:test [none]
[debug] [2026-04-25T18:49:23.299Z] >>> [apiv2][body] POST https://firebaserules.googleapis.com/v1/projects/opulflow-e5cbd:test [omitted]
[debug] [2026-04-25T18:49:25.247Z] <<< [apiv2][status] POST https://firebaserules.googleapis.com/v1/projects/opulflow-e5cbd:test 200
[debug] [2026-04-25T18:49:25.248Z] <<< [apiv2][body] POST https://firebaserules.googleapis.com/v1/projects/opulflow-e5cbd:test {}
[info] +  cloud.firestore: rules file firestore.rules compiled successfully 
[debug] [2026-04-25T18:49:25.250Z] Checked if tokens are valid: true, expires at: 1777146454149
[debug] [2026-04-25T18:49:25.250Z] Checked if tokens are valid: true, expires at: 1777146454149
[debug] [2026-04-25T18:49:25.250Z] >>> [apiv2][query] GET https://firebaserules.googleapis.com/v1/projects/opulflow-e5cbd/releases pageSize=10&pageToken=
[debug] [2026-04-25T18:49:26.184Z] <<< [apiv2][status] GET https://firebaserules.googleapis.com/v1/projects/opulflow-e5cbd/releases 200
[debug] [2026-04-25T18:49:26.185Z] <<< [apiv2][body] GET https://firebaserules.googleapis.com/v1/projects/opulflow-e5cbd/releases {"releases":[{"name":"projects/opulflow-e5cbd/releases/cloud.firestore","rulesetName":"projects/opulflow-e5cbd/rulesets/c84d69fb-1600-4c81-84b6-3b6c21d48878","createTime":"2025-07-11T22:02:08.175961Z","updateTime":"2026-04-24T12:02:20.900740Z"}]}
[debug] [2026-04-25T18:49:26.185Z] Checked if tokens are valid: true, expires at: 1777146454149
[debug] [2026-04-25T18:49:26.185Z] Checked if tokens are valid: true, expires at: 1777146454149
[debug] [2026-04-25T18:49:26.185Z] >>> [apiv2][query] GET https://firebaserules.googleapis.com/v1/projects/opulflow-e5cbd/rulesets/c84d69fb-1600-4c81-84b6-3b6c21d48878 [none]
[debug] [2026-04-25T18:49:27.114Z] <<< [apiv2][status] GET https://firebaserules.googleapis.com/v1/projects/opulflow-e5cbd/rulesets/c84d69fb-1600-4c81-84b6-3b6c21d48878 200
[debug] [2026-04-25T18:49:27.115Z] <<< [apiv2][body] GET https://firebaserules.googleapis.com/v1/projects/opulflow-e5cbd/rulesets/c84d69fb-1600-4c81-84b6-3b6c21d48878 [omitted]
[info] i  firestore: uploading rules firestore.rules... 
[debug] [2026-04-25T18:49:27.118Z] Checked if tokens are valid: true, expires at: 1777146454149
[debug] [2026-04-25T18:49:27.118Z] Checked if tokens are valid: true, expires at: 1777146454149
[debug] [2026-04-25T18:49:27.119Z] >>> [apiv2][query] POST https://firebaserules.googleapis.com/v1/projects/opulflow-e5cbd/rulesets [none]
[debug] [2026-04-25T18:49:27.119Z] >>> [apiv2][body] POST https://firebaserules.googleapis.com/v1/projects/opulflow-e5cbd/rulesets [omitted]
[debug] [2026-04-25T18:49:28.195Z] <<< [apiv2][status] POST https://firebaserules.googleapis.com/v1/projects/opulflow-e5cbd/rulesets 200
[debug] [2026-04-25T18:49:28.196Z] <<< [apiv2][body] POST https://firebaserules.googleapis.com/v1/projects/opulflow-e5cbd/rulesets {"name":"projects/opulflow-e5cbd/rulesets/ad38498e-b52f-4e24-a6c9-86e301623711","source":{"files":[{"content":"rules_version = '2';\r\nservice cloud.firestore {\r\n  match /databases/{database}/documents {\r\n\r\n    // Helper functions\r\n    function isAuthenticated() {\r\n      return request.auth != null;\r\n    }\r\n\r\n    function isAdmin() {\r\n      return isAuthenticated() && request.auth.token.email == 'opulflow.inc@gmail.com';\r\n    }\r\n\r\n    function isOwner(userId) {\r\n      return isAuthenticated() && request.auth.uid == userId;\r\n    }\r\n\r\n    // Users collection\r\n    match /users/{userId} {\r\n      allow read: if isOwner(userId) || isAdmin();\r\n      allow create: if true; // Temporarily allow all creates for debugging\r\n      allow update: if isOwner(userId) || isAdmin();\r\n      allow delete: if false;\r\n\r\n      // Transactions subcollection\r\n      match /transactions/{transactionId} {\r\n        allow read: if isOwner(userId) || isAdmin();\r\n        allow create: if isOwner(userId) || isAdmin();\r\n        allow update: if isAdmin();\r\n        allow delete: if false;\r\n      }\r\n    }\r\n\r\n    // Orders collection\r\n    match /orders/{orderId} {\r\n      allow read: if isAuthenticated() && (resource.data.userId == request.auth.uid || isAdmin());\r\n      allow create: if isAuthenticated() && request.auth.uid == request.resource.data.userId;\r\n      allow update: if isAuthenticated() && (resource.data.userId == request.auth.uid || isAdmin());\r\n      allow delete: if isAdmin();\r\n    }\r\n  }\r\n}","name":"firestore.rules"}]},"createTime":"2026-04-25T18:49:30.161711Z","metadata":{"services":["cloud.firestore"]}}
[debug] [2026-04-25T18:49:28.196Z] [rules] created ruleset projects/opulflow-e5cbd/rulesets/ad38498e-b52f-4e24-a6c9-86e301623711
[debug] [2026-04-25T18:49:28.197Z] [rules] releasing cloud.firestore/(default) with ruleset projects/opulflow-e5cbd/rulesets/ad38498e-b52f-4e24-a6c9-86e301623711
[debug] [2026-04-25T18:49:28.197Z] Checked if tokens are valid: true, expires at: 1777146454149
[debug] [2026-04-25T18:49:28.198Z] Checked if tokens are valid: true, expires at: 1777146454149
[debug] [2026-04-25T18:49:28.198Z] >>> [apiv2][query] PATCH https://firebaserules.googleapis.com/v1/projects/opulflow-e5cbd/releases/cloud.firestore/(default) [none]
[debug] [2026-04-25T18:49:28.198Z] >>> [apiv2][body] PATCH https://firebaserules.googleapis.com/v1/projects/opulflow-e5cbd/releases/cloud.firestore/(default) {"release":{"name":"projects/opulflow-e5cbd/releases/cloud.firestore/(default)","rulesetName":"projects/opulflow-e5cbd/rulesets/ad38498e-b52f-4e24-a6c9-86e301623711"}}
[debug] [2026-04-25T18:49:29.278Z] <<< [apiv2][status] PATCH https://firebaserules.googleapis.com/v1/projects/opulflow-e5cbd/releases/cloud.firestore/(default) 200
[debug] [2026-04-25T18:49:29.278Z] <<< [apiv2][body] PATCH https://firebaserules.googleapis.com/v1/projects/opulflow-e5cbd/releases/cloud.firestore/(default) {"name":"projects/opulflow-e5cbd/releases/cloud.firestore","rulesetName":"projects/opulflow-e5cbd/rulesets/ad38498e-b52f-4e24-a6c9-86e301623711","createTime":"2025-07-11T22:02:08.175961Z","updateTime":"2026-04-25T18:49:31.248455Z"}
[debug] [2026-04-25T18:49:29.278Z] [rules] updated release projects/opulflow-e5cbd/releases/cloud.firestore
[info] +  firestore: released rules firestore.rules to cloud.firestore 
[info] 
[info] +  Deploy complete! 
[info] 
[info] Project Console: https://console.firebase.google.com/project/opulflow-e5cbd/overview
[debug] [2026-04-25T18:49:39.488Z] Error: Timed out.
    at Timeout._onTimeout (C:\Users\Teresia Kirunyu\AppData\Roaming\npm\node_modules\firebase-tools\lib\utils.js:309:49)
    at listOnTimeout (node:internal/timers:605:17)
    at process.processTimers (node:internal/timers:541:7)
[error] 
[error] Error: An unexpected error has occurred.
